// Jest Snapshot v1, https://goo.gl/fbAQLP

exports[`Header snapshot 1`] = `
<h2
  className="text-2xl md:text-4xl font-bold tracking-tight md:tracking-tighter leading-tight mb-20 mt-8"
>
  <a
    className="hover:underline"
    href="/"
    onClick={[Function]}
    onMouseEnter={[Function]}
    onTouchStart={[Function]}
  >
    Blog do JÃ³natas
  </a>
  .
</h2>
`;
